2025-11-19 18:12:17,704 - main - INFO - Request: GET /health
2025-11-19 18:12:17,705 - main - INFO - Response: 200 - 0.001s
2025-11-19 18:12:40,737 - main - INFO - Request: GET /
2025-11-19 18:12:40,739 - main - INFO - Response: 200 - 0.002s
2025-11-19 18:12:50,254 - main - INFO - Request: POST /api/auth/login
2025-11-19 18:12:50,456 - main - INFO - Response: 200 - 0.201s
2025-11-19 18:13:00,816 - main - INFO - Request: GET /api/personal/products
2025-11-19 18:13:00,829 - main - INFO - Response: 200 - 0.013s
2025-11-19 18:13:10,095 - main - INFO - Request: GET /api/manage/categories/tree
2025-11-19 18:13:10,099 - main - INFO - Response: 200 - 0.004s
2025-11-19 18:13:26,016 - main - INFO - Request: POST /api/auth/login
2025-11-19 18:13:26,209 - main - INFO - Response: 200 - 0.193s
2025-11-19 18:13:46,297 - main - INFO - Request: POST /api/personal/cart/add
2025-11-19 18:13:46,307 - main - INFO - Response: 200 - 0.010s
2025-11-19 18:14:01,738 - main - INFO - Request: GET /api/personal/cart
2025-11-19 18:14:01,747 - main - INFO - Response: 200 - 0.010s
2025-11-19 18:14:53,176 - main - INFO - Request: GET /api/personal/points/balance
2025-11-19 18:14:53,191 - main - INFO - Response: 200 - 0.015s
2025-11-19 18:15:03,436 - main - INFO - Request: DELETE /api/personal/cart/clear
2025-11-19 18:15:03,443 - main - INFO - Response: 200 - 0.006s
2025-11-19 18:15:23,430 - main - INFO - Request: POST /api/personal/cart/add
2025-11-19 18:15:23,438 - main - INFO - Response: 200 - 0.008s
2025-11-19 18:15:42,503 - main - INFO - Request: POST /api/personal/orders/create
2025-11-19 18:15:42,515 - main - WARNING - Business exception: 积分不足，当前积分：1000，需要：13999
2025-11-19 18:15:42,515 - main - INFO - Response: 400 - 0.013s
2025-11-19 18:15:54,241 - main - INFO - Request: DELETE /api/personal/cart/clear
2025-11-19 18:15:54,245 - main - INFO - Response: 200 - 0.005s
2025-11-19 18:15:54,262 - main - INFO - Request: POST /api/personal/cart/add
2025-11-19 18:15:54,269 - main - INFO - Response: 200 - 0.007s
2025-11-19 18:16:03,396 - main - INFO - Request: POST /api/personal/orders/create
2025-11-19 18:16:03,406 - main - INFO - Response: 200 - 0.010s
2025-11-19 18:16:18,818 - main - INFO - Request: GET /api/personal/orders/1
2025-11-19 18:16:18,824 - main - INFO - Response: 200 - 0.006s
2025-11-19 18:16:34,139 - main - INFO - Request: GET /api/personal/points/transactions
2025-11-19 18:16:34,144 - main - INFO - Response: 200 - 0.006s
2025-11-19 18:16:50,149 - main - INFO - Request: POST /api/manage/points/grant
2025-11-19 18:16:50,162 - main - INFO - Response: 200 - 0.013s
2025-11-19 18:17:08,902 - main - INFO - Request: GET /api/personal/points/balance
2025-11-19 18:17:08,908 - main - INFO - Response: 200 - 0.005s
2025-11-19 18:17:22,036 - main - INFO - Request: GET /api/manage/logs
2025-11-19 18:17:22,043 - main - INFO - Response: 200 - 0.007s
2025-11-19 18:29:25,222 - main - INFO - Request: GET /
2025-11-19 18:29:25,224 - main - INFO - Response: 200 - 0.002s
2025-11-19 18:29:35,551 - main - INFO - Request: POST /api/auth/login
2025-11-19 18:29:35,554 - main - ERROR - Request failed: (sqlite3.OperationalError) unable to open database file
(Background on this error at: https://sqlalche.me/e/20/e3q8)
Traceback (most recent call last):
  File "/Users/peijun/miniconda3/lib/python3.12/site-packages/sqlalchemy/engine/base.py", line 145, in __init__
    self._dbapi_connection = engine.raw_connection()
                             ^^^^^^^^^^^^^^^^^^^^^^^
  File "/Users/peijun/miniconda3/lib/python3.12/site-packages/sqlalchemy/engine/base.py", line 3293, in raw_connection
    return self.pool.connect()
           ^^^^^^^^^^^^^^^^^^^
  File "/Users/peijun/miniconda3/lib/python3.12/site-packages/sqlalchemy/pool/base.py", line 452, in connect
    return _ConnectionFairy._checkout(self)
           ^^^^^^^^^^^^^^^^^^^^^^^^^^^^^^^^
  File "/Users/peijun/miniconda3/lib/python3.12/site-packages/sqlalchemy/pool/base.py", line 1269, in _checkout
    fairy = _ConnectionRecord.checkout(pool)
            ^^^^^^^^^^^^^^^^^^^^^^^^^^^^^^^^
  File "/Users/peijun/miniconda3/lib/python3.12/site-packages/sqlalchemy/pool/base.py", line 716, in checkout
    rec = pool._do_get()
          ^^^^^^^^^^^^^^
  File "/Users/peijun/miniconda3/lib/python3.12/site-packages/sqlalchemy/pool/impl.py", line 284, in _do_get
    return self._create_connection()
           ^^^^^^^^^^^^^^^^^^^^^^^^^
  File "/Users/peijun/miniconda3/lib/python3.12/site-packages/sqlalchemy/pool/base.py", line 393, in _create_connection
    return _ConnectionRecord(self)
           ^^^^^^^^^^^^^^^^^^^^^^^
  File "/Users/peijun/miniconda3/lib/python3.12/site-packages/sqlalchemy/pool/base.py", line 678, in __init__
    self.__connect()
  File "/Users/peijun/miniconda3/lib/python3.12/site-packages/sqlalchemy/pool/base.py", line 902, in __connect
    with util.safe_reraise():
  File "/Users/peijun/miniconda3/lib/python3.12/site-packages/sqlalchemy/util/langhelpers.py", line 146, in __exit__
    raise exc_value.with_traceback(exc_tb)
  File "/Users/peijun/miniconda3/lib/python3.12/site-packages/sqlalchemy/pool/base.py", line 898, in __connect
    self.dbapi_connection = connection = pool._invoke_creator(self)
                                         ^^^^^^^^^^^^^^^^^^^^^^^^^^
  File "/Users/peijun/miniconda3/lib/python3.12/site-packages/sqlalchemy/engine/create.py", line 645, in connect
    return dialect.connect(*cargs, **cparams)
           ^^^^^^^^^^^^^^^^^^^^^^^^^^^^^^^^^^
  File "/Users/peijun/miniconda3/lib/python3.12/site-packages/sqlalchemy/engine/default.py", line 616, in connect
    return self.loaded_dbapi.connect(*cargs, **cparams)
           ^^^^^^^^^^^^^^^^^^^^^^^^^^^^^^^^^^^^^^^^^^^^
  File "/Users/peijun/miniconda3/lib/python3.12/site-packages/sqlalchemy/dialects/sqlite/aiosqlite.py", line 352, in connect
    await_only(connection),
    ^^^^^^^^^^^^^^^^^^^^^^
  File "/Users/peijun/miniconda3/lib/python3.12/site-packages/sqlalchemy/util/_concurrency_py3k.py", line 130, in await_only
    return current.driver.switch(awaitable)  # type: ignore[no-any-return]
           ^^^^^^^^^^^^^^^^^^^^^^^^^^^^^^^^
  File "/Users/peijun/miniconda3/lib/python3.12/site-packages/sqlalchemy/util/_concurrency_py3k.py", line 195, in greenlet_spawn
    value = await result
            ^^^^^^^^^^^^
  File "/Users/peijun/miniconda3/lib/python3.12/site-packages/aiosqlite/core.py", line 141, in _connect
    self._connection = await future
                       ^^^^^^^^^^^^
  File "/Users/peijun/miniconda3/lib/python3.12/site-packages/aiosqlite/core.py", line 106, in run
    result = function()
             ^^^^^^^^^^
  File "/Users/peijun/miniconda3/lib/python3.12/site-packages/aiosqlite/core.py", line 401, in connector
    return sqlite3.connect(loc, **kwargs)
           ^^^^^^^^^^^^^^^^^^^^^^^^^^^^^^
sqlite3.OperationalError: unable to open database file

The above exception was the direct cause of the following exception:

Traceback (most recent call last):
  File "/Users/peijun/Desktop/kiro-aidlcdemo/server/main.py", line 80, in log_requests
    response = await call_next(request)
               ^^^^^^^^^^^^^^^^^^^^^^^^
  File "/Users/peijun/miniconda3/lib/python3.12/site-packages/starlette/middleware/base.py", line 165, in call_next
    raise app_exc
  File "/Users/peijun/miniconda3/lib/python3.12/site-packages/starlette/middleware/base.py", line 151, in coro
    await self.app(scope, receive_or_disconnect, send_no_error)
  File "/Users/peijun/miniconda3/lib/python3.12/site-packages/starlette/middleware/cors.py", line 83, in __call__
    await self.app(scope, receive, send)
  File "/Users/peijun/miniconda3/lib/python3.12/site-packages/starlette/middleware/exceptions.py", line 62, in __call__
    await wrap_app_handling_exceptions(self.app, conn)(scope, receive, send)
  File "/Users/peijun/miniconda3/lib/python3.12/site-packages/starlette/_exception_handler.py", line 64, in wrapped_app
    raise exc
  File "/Users/peijun/miniconda3/lib/python3.12/site-packages/starlette/_exception_handler.py", line 53, in wrapped_app
    await app(scope, receive, sender)
  File "/Users/peijun/miniconda3/lib/python3.12/site-packages/starlette/routing.py", line 762, in __call__
    await self.middleware_stack(scope, receive, send)
  File "/Users/peijun/miniconda3/lib/python3.12/site-packages/starlette/routing.py", line 782, in app
    await route.handle(scope, receive, send)
  File "/Users/peijun/miniconda3/lib/python3.12/site-packages/starlette/routing.py", line 297, in handle
    await self.app(scope, receive, send)
  File "/Users/peijun/miniconda3/lib/python3.12/site-packages/starlette/routing.py", line 77, in app
    await wrap_app_handling_exceptions(app, request)(scope, receive, send)
  File "/Users/peijun/miniconda3/lib/python3.12/site-packages/starlette/_exception_handler.py", line 64, in wrapped_app
    raise exc
  File "/Users/peijun/miniconda3/lib/python3.12/site-packages/starlette/_exception_handler.py", line 53, in wrapped_app
    await app(scope, receive, sender)
  File "/Users/peijun/miniconda3/lib/python3.12/site-packages/starlette/routing.py", line 72, in app
    response = await func(request)
               ^^^^^^^^^^^^^^^^^^^
  File "/Users/peijun/miniconda3/lib/python3.12/site-packages/fastapi/routing.py", line 299, in app
    raise e
  File "/Users/peijun/miniconda3/lib/python3.12/site-packages/fastapi/routing.py", line 294, in app
    raw_response = await run_endpoint_function(
                   ^^^^^^^^^^^^^^^^^^^^^^^^^^^^
  File "/Users/peijun/miniconda3/lib/python3.12/site-packages/fastapi/routing.py", line 191, in run_endpoint_function
    return await dependant.call(**values)
           ^^^^^^^^^^^^^^^^^^^^^^^^^^^^^^
  File "/Users/peijun/miniconda3/lib/python3.12/site-packages/slowapi/extension.py", line 734, in async_wrapper
    response = await func(*args, **kwargs)  # type: ignore
               ^^^^^^^^^^^^^^^^^^^^^^^^^^^
  File "/Users/peijun/Desktop/kiro-aidlcdemo/server/controllers/auth_controller.py", line 33, in login
    async with engine.begin() as conn:
  File "/Users/peijun/miniconda3/lib/python3.12/contextlib.py", line 210, in __aenter__
    return await anext(self.gen)
           ^^^^^^^^^^^^^^^^^^^^^
  File "/Users/peijun/miniconda3/lib/python3.12/site-packages/sqlalchemy/ext/asyncio/engine.py", line 1066, in begin
    async with conn:
  File "/Users/peijun/miniconda3/lib/python3.12/site-packages/sqlalchemy/ext/asyncio/base.py", line 125, in __aenter__
    return await self.start(is_ctxmanager=True)
           ^^^^^^^^^^^^^^^^^^^^^^^^^^^^^^^^^^^^
  File "/Users/peijun/miniconda3/lib/python3.12/site-packages/sqlalchemy/ext/asyncio/engine.py", line 270, in start
    await greenlet_spawn(self.sync_engine.connect)
  File "/Users/peijun/miniconda3/lib/python3.12/site-packages/sqlalchemy/util/_concurrency_py3k.py", line 200, in greenlet_spawn
    result = context.throw(*sys.exc_info())
             ^^^^^^^^^^^^^^^^^^^^^^^^^^^^^^
  File "/Users/peijun/miniconda3/lib/python3.12/site-packages/sqlalchemy/engine/base.py", line 3269, in connect
    return self._connection_cls(self)
           ^^^^^^^^^^^^^^^^^^^^^^^^^^
  File "/Users/peijun/miniconda3/lib/python3.12/site-packages/sqlalchemy/engine/base.py", line 147, in __init__
    Connection._handle_dbapi_exception_noconnection(
  File "/Users/peijun/miniconda3/lib/python3.12/site-packages/sqlalchemy/engine/base.py", line 2431, in _handle_dbapi_exception_noconnection
    raise sqlalchemy_exception.with_traceback(exc_info[2]) from e
  File "/Users/peijun/miniconda3/lib/python3.12/site-packages/sqlalchemy/engine/base.py", line 145, in __init__
    self._dbapi_connection = engine.raw_connection()
                             ^^^^^^^^^^^^^^^^^^^^^^^
  File "/Users/peijun/miniconda3/lib/python3.12/site-packages/sqlalchemy/engine/base.py", line 3293, in raw_connection
    return self.pool.connect()
           ^^^^^^^^^^^^^^^^^^^
  File "/Users/peijun/miniconda3/lib/python3.12/site-packages/sqlalchemy/pool/base.py", line 452, in connect
    return _ConnectionFairy._checkout(self)
           ^^^^^^^^^^^^^^^^^^^^^^^^^^^^^^^^
  File "/Users/peijun/miniconda3/lib/python3.12/site-packages/sqlalchemy/pool/base.py", line 1269, in _checkout
    fairy = _ConnectionRecord.checkout(pool)
            ^^^^^^^^^^^^^^^^^^^^^^^^^^^^^^^^
  File "/Users/peijun/miniconda3/lib/python3.12/site-packages/sqlalchemy/pool/base.py", line 716, in checkout
    rec = pool._do_get()
          ^^^^^^^^^^^^^^
  File "/Users/peijun/miniconda3/lib/python3.12/site-packages/sqlalchemy/pool/impl.py", line 284, in _do_get
    return self._create_connection()
           ^^^^^^^^^^^^^^^^^^^^^^^^^
  File "/Users/peijun/miniconda3/lib/python3.12/site-packages/sqlalchemy/pool/base.py", line 393, in _create_connection
    return _ConnectionRecord(self)
           ^^^^^^^^^^^^^^^^^^^^^^^
  File "/Users/peijun/miniconda3/lib/python3.12/site-packages/sqlalchemy/pool/base.py", line 678, in __init__
    self.__connect()
  File "/Users/peijun/miniconda3/lib/python3.12/site-packages/sqlalchemy/pool/base.py", line 902, in __connect
    with util.safe_reraise():
  File "/Users/peijun/miniconda3/lib/python3.12/site-packages/sqlalchemy/util/langhelpers.py", line 146, in __exit__
    raise exc_value.with_traceback(exc_tb)
  File "/Users/peijun/miniconda3/lib/python3.12/site-packages/sqlalchemy/pool/base.py", line 898, in __connect
    self.dbapi_connection = connection = pool._invoke_creator(self)
                                         ^^^^^^^^^^^^^^^^^^^^^^^^^^
  File "/Users/peijun/miniconda3/lib/python3.12/site-packages/sqlalchemy/engine/create.py", line 645, in connect
    return dialect.connect(*cargs, **cparams)
           ^^^^^^^^^^^^^^^^^^^^^^^^^^^^^^^^^^
  File "/Users/peijun/miniconda3/lib/python3.12/site-packages/sqlalchemy/engine/default.py", line 616, in connect
    return self.loaded_dbapi.connect(*cargs, **cparams)
           ^^^^^^^^^^^^^^^^^^^^^^^^^^^^^^^^^^^^^^^^^^^^
  File "/Users/peijun/miniconda3/lib/python3.12/site-packages/sqlalchemy/dialects/sqlite/aiosqlite.py", line 352, in connect
    await_only(connection),
    ^^^^^^^^^^^^^^^^^^^^^^
  File "/Users/peijun/miniconda3/lib/python3.12/site-packages/sqlalchemy/util/_concurrency_py3k.py", line 130, in await_only
    return current.driver.switch(awaitable)  # type: ignore[no-any-return]
           ^^^^^^^^^^^^^^^^^^^^^^^^^^^^^^^^
  File "/Users/peijun/miniconda3/lib/python3.12/site-packages/sqlalchemy/util/_concurrency_py3k.py", line 195, in greenlet_spawn
    value = await result
            ^^^^^^^^^^^^
  File "/Users/peijun/miniconda3/lib/python3.12/site-packages/aiosqlite/core.py", line 141, in _connect
    self._connection = await future
                       ^^^^^^^^^^^^
  File "/Users/peijun/miniconda3/lib/python3.12/site-packages/aiosqlite/core.py", line 106, in run
    result = function()
             ^^^^^^^^^^
  File "/Users/peijun/miniconda3/lib/python3.12/site-packages/aiosqlite/core.py", line 401, in connector
    return sqlite3.connect(loc, **kwargs)
           ^^^^^^^^^^^^^^^^^^^^^^^^^^^^^^
sqlalchemy.exc.OperationalError: (sqlite3.OperationalError) unable to open database file
(Background on this error at: https://sqlalche.me/e/20/e3q8)
2025-11-19 18:29:35,571 - main - ERROR - Unhandled exception: (sqlite3.OperationalError) unable to open database file
(Background on this error at: https://sqlalche.me/e/20/e3q8)
Traceback (most recent call last):
  File "/Users/peijun/miniconda3/lib/python3.12/site-packages/sqlalchemy/engine/base.py", line 145, in __init__
    self._dbapi_connection = engine.raw_connection()
                             ^^^^^^^^^^^^^^^^^^^^^^^
  File "/Users/peijun/miniconda3/lib/python3.12/site-packages/sqlalchemy/engine/base.py", line 3293, in raw_connection
    return self.pool.connect()
           ^^^^^^^^^^^^^^^^^^^
  File "/Users/peijun/miniconda3/lib/python3.12/site-packages/sqlalchemy/pool/base.py", line 452, in connect
    return _ConnectionFairy._checkout(self)
           ^^^^^^^^^^^^^^^^^^^^^^^^^^^^^^^^
  File "/Users/peijun/miniconda3/lib/python3.12/site-packages/sqlalchemy/pool/base.py", line 1269, in _checkout
    fairy = _ConnectionRecord.checkout(pool)
            ^^^^^^^^^^^^^^^^^^^^^^^^^^^^^^^^
  File "/Users/peijun/miniconda3/lib/python3.12/site-packages/sqlalchemy/pool/base.py", line 716, in checkout
    rec = pool._do_get()
          ^^^^^^^^^^^^^^
  File "/Users/peijun/miniconda3/lib/python3.12/site-packages/sqlalchemy/pool/impl.py", line 284, in _do_get
    return self._create_connection()
           ^^^^^^^^^^^^^^^^^^^^^^^^^
  File "/Users/peijun/miniconda3/lib/python3.12/site-packages/sqlalchemy/pool/base.py", line 393, in _create_connection
    return _ConnectionRecord(self)
           ^^^^^^^^^^^^^^^^^^^^^^^
  File "/Users/peijun/miniconda3/lib/python3.12/site-packages/sqlalchemy/pool/base.py", line 678, in __init__
    self.__connect()
  File "/Users/peijun/miniconda3/lib/python3.12/site-packages/sqlalchemy/pool/base.py", line 902, in __connect
    with util.safe_reraise():
  File "/Users/peijun/miniconda3/lib/python3.12/site-packages/sqlalchemy/util/langhelpers.py", line 146, in __exit__
    raise exc_value.with_traceback(exc_tb)
  File "/Users/peijun/miniconda3/lib/python3.12/site-packages/sqlalchemy/pool/base.py", line 898, in __connect
    self.dbapi_connection = connection = pool._invoke_creator(self)
                                         ^^^^^^^^^^^^^^^^^^^^^^^^^^
  File "/Users/peijun/miniconda3/lib/python3.12/site-packages/sqlalchemy/engine/create.py", line 645, in connect
    return dialect.connect(*cargs, **cparams)
           ^^^^^^^^^^^^^^^^^^^^^^^^^^^^^^^^^^
  File "/Users/peijun/miniconda3/lib/python3.12/site-packages/sqlalchemy/engine/default.py", line 616, in connect
    return self.loaded_dbapi.connect(*cargs, **cparams)
           ^^^^^^^^^^^^^^^^^^^^^^^^^^^^^^^^^^^^^^^^^^^^
  File "/Users/peijun/miniconda3/lib/python3.12/site-packages/sqlalchemy/dialects/sqlite/aiosqlite.py", line 352, in connect
    await_only(connection),
    ^^^^^^^^^^^^^^^^^^^^^^
  File "/Users/peijun/miniconda3/lib/python3.12/site-packages/sqlalchemy/util/_concurrency_py3k.py", line 130, in await_only
    return current.driver.switch(awaitable)  # type: ignore[no-any-return]
           ^^^^^^^^^^^^^^^^^^^^^^^^^^^^^^^^
  File "/Users/peijun/miniconda3/lib/python3.12/site-packages/sqlalchemy/util/_concurrency_py3k.py", line 195, in greenlet_spawn
    value = await result
            ^^^^^^^^^^^^
  File "/Users/peijun/miniconda3/lib/python3.12/site-packages/aiosqlite/core.py", line 141, in _connect
    self._connection = await future
                       ^^^^^^^^^^^^
  File "/Users/peijun/miniconda3/lib/python3.12/site-packages/aiosqlite/core.py", line 106, in run
    result = function()
             ^^^^^^^^^^
  File "/Users/peijun/miniconda3/lib/python3.12/site-packages/aiosqlite/core.py", line 401, in connector
    return sqlite3.connect(loc, **kwargs)
           ^^^^^^^^^^^^^^^^^^^^^^^^^^^^^^
sqlite3.OperationalError: unable to open database file

The above exception was the direct cause of the following exception:

Traceback (most recent call last):
  File "/Users/peijun/miniconda3/lib/python3.12/site-packages/starlette/middleware/errors.py", line 164, in __call__
    await self.app(scope, receive, _send)
  File "/Users/peijun/miniconda3/lib/python3.12/site-packages/starlette/middleware/base.py", line 189, in __call__
    with collapse_excgroups():
  File "/Users/peijun/miniconda3/lib/python3.12/contextlib.py", line 158, in __exit__
    self.gen.throw(value)
  File "/Users/peijun/miniconda3/lib/python3.12/site-packages/starlette/_utils.py", line 91, in collapse_excgroups
    raise exc
  File "/Users/peijun/miniconda3/lib/python3.12/site-packages/starlette/middleware/base.py", line 191, in __call__
    response = await self.dispatch_func(request, call_next)
               ^^^^^^^^^^^^^^^^^^^^^^^^^^^^^^^^^^^^^^^^^^^^
  File "/Users/peijun/Desktop/kiro-aidlcdemo/server/main.py", line 80, in log_requests
    response = await call_next(request)
               ^^^^^^^^^^^^^^^^^^^^^^^^
  File "/Users/peijun/miniconda3/lib/python3.12/site-packages/starlette/middleware/base.py", line 165, in call_next
    raise app_exc
  File "/Users/peijun/miniconda3/lib/python3.12/site-packages/starlette/middleware/base.py", line 151, in coro
    await self.app(scope, receive_or_disconnect, send_no_error)
  File "/Users/peijun/miniconda3/lib/python3.12/site-packages/starlette/middleware/cors.py", line 83, in __call__
    await self.app(scope, receive, send)
  File "/Users/peijun/miniconda3/lib/python3.12/site-packages/starlette/middleware/exceptions.py", line 62, in __call__
    await wrap_app_handling_exceptions(self.app, conn)(scope, receive, send)
  File "/Users/peijun/miniconda3/lib/python3.12/site-packages/starlette/_exception_handler.py", line 64, in wrapped_app
    raise exc
  File "/Users/peijun/miniconda3/lib/python3.12/site-packages/starlette/_exception_handler.py", line 53, in wrapped_app
    await app(scope, receive, sender)
  File "/Users/peijun/miniconda3/lib/python3.12/site-packages/starlette/routing.py", line 762, in __call__
    await self.middleware_stack(scope, receive, send)
  File "/Users/peijun/miniconda3/lib/python3.12/site-packages/starlette/routing.py", line 782, in app
    await route.handle(scope, receive, send)
  File "/Users/peijun/miniconda3/lib/python3.12/site-packages/starlette/routing.py", line 297, in handle
    await self.app(scope, receive, send)
  File "/Users/peijun/miniconda3/lib/python3.12/site-packages/starlette/routing.py", line 77, in app
    await wrap_app_handling_exceptions(app, request)(scope, receive, send)
  File "/Users/peijun/miniconda3/lib/python3.12/site-packages/starlette/_exception_handler.py", line 64, in wrapped_app
    raise exc
  File "/Users/peijun/miniconda3/lib/python3.12/site-packages/starlette/_exception_handler.py", line 53, in wrapped_app
    await app(scope, receive, sender)
  File "/Users/peijun/miniconda3/lib/python3.12/site-packages/starlette/routing.py", line 72, in app
    response = await func(request)
               ^^^^^^^^^^^^^^^^^^^
  File "/Users/peijun/miniconda3/lib/python3.12/site-packages/fastapi/routing.py", line 299, in app
    raise e
  File "/Users/peijun/miniconda3/lib/python3.12/site-packages/fastapi/routing.py", line 294, in app
    raw_response = await run_endpoint_function(
                   ^^^^^^^^^^^^^^^^^^^^^^^^^^^^
  File "/Users/peijun/miniconda3/lib/python3.12/site-packages/fastapi/routing.py", line 191, in run_endpoint_function
    return await dependant.call(**values)
           ^^^^^^^^^^^^^^^^^^^^^^^^^^^^^^
  File "/Users/peijun/miniconda3/lib/python3.12/site-packages/slowapi/extension.py", line 734, in async_wrapper
    response = await func(*args, **kwargs)  # type: ignore
               ^^^^^^^^^^^^^^^^^^^^^^^^^^^
  File "/Users/peijun/Desktop/kiro-aidlcdemo/server/controllers/auth_controller.py", line 33, in login
    async with engine.begin() as conn:
  File "/Users/peijun/miniconda3/lib/python3.12/contextlib.py", line 210, in __aenter__
    return await anext(self.gen)
           ^^^^^^^^^^^^^^^^^^^^^
  File "/Users/peijun/miniconda3/lib/python3.12/site-packages/sqlalchemy/ext/asyncio/engine.py", line 1066, in begin
    async with conn:
  File "/Users/peijun/miniconda3/lib/python3.12/site-packages/sqlalchemy/ext/asyncio/base.py", line 125, in __aenter__
    return await self.start(is_ctxmanager=True)
           ^^^^^^^^^^^^^^^^^^^^^^^^^^^^^^^^^^^^
  File "/Users/peijun/miniconda3/lib/python3.12/site-packages/sqlalchemy/ext/asyncio/engine.py", line 270, in start
    await greenlet_spawn(self.sync_engine.connect)
  File "/Users/peijun/miniconda3/lib/python3.12/site-packages/sqlalchemy/util/_concurrency_py3k.py", line 200, in greenlet_spawn
    result = context.throw(*sys.exc_info())
             ^^^^^^^^^^^^^^^^^^^^^^^^^^^^^^
  File "/Users/peijun/miniconda3/lib/python3.12/site-packages/sqlalchemy/engine/base.py", line 3269, in connect
    return self._connection_cls(self)
           ^^^^^^^^^^^^^^^^^^^^^^^^^^
  File "/Users/peijun/miniconda3/lib/python3.12/site-packages/sqlalchemy/engine/base.py", line 147, in __init__
    Connection._handle_dbapi_exception_noconnection(
  File "/Users/peijun/miniconda3/lib/python3.12/site-packages/sqlalchemy/engine/base.py", line 2431, in _handle_dbapi_exception_noconnection
    raise sqlalchemy_exception.with_traceback(exc_info[2]) from e
  File "/Users/peijun/miniconda3/lib/python3.12/site-packages/sqlalchemy/engine/base.py", line 145, in __init__
    self._dbapi_connection = engine.raw_connection()
                             ^^^^^^^^^^^^^^^^^^^^^^^
  File "/Users/peijun/miniconda3/lib/python3.12/site-packages/sqlalchemy/engine/base.py", line 3293, in raw_connection
    return self.pool.connect()
           ^^^^^^^^^^^^^^^^^^^
  File "/Users/peijun/miniconda3/lib/python3.12/site-packages/sqlalchemy/pool/base.py", line 452, in connect
    return _ConnectionFairy._checkout(self)
           ^^^^^^^^^^^^^^^^^^^^^^^^^^^^^^^^
  File "/Users/peijun/miniconda3/lib/python3.12/site-packages/sqlalchemy/pool/base.py", line 1269, in _checkout
    fairy = _ConnectionRecord.checkout(pool)
            ^^^^^^^^^^^^^^^^^^^^^^^^^^^^^^^^
  File "/Users/peijun/miniconda3/lib/python3.12/site-packages/sqlalchemy/pool/base.py", line 716, in checkout
    rec = pool._do_get()
          ^^^^^^^^^^^^^^
  File "/Users/peijun/miniconda3/lib/python3.12/site-packages/sqlalchemy/pool/impl.py", line 284, in _do_get
    return self._create_connection()
           ^^^^^^^^^^^^^^^^^^^^^^^^^
  File "/Users/peijun/miniconda3/lib/python3.12/site-packages/sqlalchemy/pool/base.py", line 393, in _create_connection
    return _ConnectionRecord(self)
           ^^^^^^^^^^^^^^^^^^^^^^^
  File "/Users/peijun/miniconda3/lib/python3.12/site-packages/sqlalchemy/pool/base.py", line 678, in __init__
    self.__connect()
  File "/Users/peijun/miniconda3/lib/python3.12/site-packages/sqlalchemy/pool/base.py", line 902, in __connect
    with util.safe_reraise():
  File "/Users/peijun/miniconda3/lib/python3.12/site-packages/sqlalchemy/util/langhelpers.py", line 146, in __exit__
    raise exc_value.with_traceback(exc_tb)
  File "/Users/peijun/miniconda3/lib/python3.12/site-packages/sqlalchemy/pool/base.py", line 898, in __connect
    self.dbapi_connection = connection = pool._invoke_creator(self)
                                         ^^^^^^^^^^^^^^^^^^^^^^^^^^
  File "/Users/peijun/miniconda3/lib/python3.12/site-packages/sqlalchemy/engine/create.py", line 645, in connect
    return dialect.connect(*cargs, **cparams)
           ^^^^^^^^^^^^^^^^^^^^^^^^^^^^^^^^^^
  File "/Users/peijun/miniconda3/lib/python3.12/site-packages/sqlalchemy/engine/default.py", line 616, in connect
    return self.loaded_dbapi.connect(*cargs, **cparams)
           ^^^^^^^^^^^^^^^^^^^^^^^^^^^^^^^^^^^^^^^^^^^^
  File "/Users/peijun/miniconda3/lib/python3.12/site-packages/sqlalchemy/dialects/sqlite/aiosqlite.py", line 352, in connect
    await_only(connection),
    ^^^^^^^^^^^^^^^^^^^^^^
  File "/Users/peijun/miniconda3/lib/python3.12/site-packages/sqlalchemy/util/_concurrency_py3k.py", line 130, in await_only
    return current.driver.switch(awaitable)  # type: ignore[no-any-return]
           ^^^^^^^^^^^^^^^^^^^^^^^^^^^^^^^^
  File "/Users/peijun/miniconda3/lib/python3.12/site-packages/sqlalchemy/util/_concurrency_py3k.py", line 195, in greenlet_spawn
    value = await result
            ^^^^^^^^^^^^
  File "/Users/peijun/miniconda3/lib/python3.12/site-packages/aiosqlite/core.py", line 141, in _connect
    self._connection = await future
                       ^^^^^^^^^^^^
  File "/Users/peijun/miniconda3/lib/python3.12/site-packages/aiosqlite/core.py", line 106, in run
    result = function()
             ^^^^^^^^^^
  File "/Users/peijun/miniconda3/lib/python3.12/site-packages/aiosqlite/core.py", line 401, in connector
    return sqlite3.connect(loc, **kwargs)
           ^^^^^^^^^^^^^^^^^^^^^^^^^^^^^^
sqlalchemy.exc.OperationalError: (sqlite3.OperationalError) unable to open database file
(Background on this error at: https://sqlalche.me/e/20/e3q8)
2025-11-19 18:31:08,641 - main - INFO - Request: POST /api/auth/login
2025-11-19 18:31:08,645 - main - ERROR - Request failed: (sqlite3.OperationalError) unable to open database file
(Background on this error at: https://sqlalche.me/e/20/e3q8)
Traceback (most recent call last):
  File "/Users/peijun/miniconda3/lib/python3.12/site-packages/sqlalchemy/engine/base.py", line 145, in __init__
    self._dbapi_connection = engine.raw_connection()
                             ^^^^^^^^^^^^^^^^^^^^^^^
  File "/Users/peijun/miniconda3/lib/python3.12/site-packages/sqlalchemy/engine/base.py", line 3293, in raw_connection
    return self.pool.connect()
           ^^^^^^^^^^^^^^^^^^^
  File "/Users/peijun/miniconda3/lib/python3.12/site-packages/sqlalchemy/pool/base.py", line 452, in connect
    return _ConnectionFairy._checkout(self)
           ^^^^^^^^^^^^^^^^^^^^^^^^^^^^^^^^
  File "/Users/peijun/miniconda3/lib/python3.12/site-packages/sqlalchemy/pool/base.py", line 1269, in _checkout
    fairy = _ConnectionRecord.checkout(pool)
            ^^^^^^^^^^^^^^^^^^^^^^^^^^^^^^^^
  File "/Users/peijun/miniconda3/lib/python3.12/site-packages/sqlalchemy/pool/base.py", line 716, in checkout
    rec = pool._do_get()
          ^^^^^^^^^^^^^^
  File "/Users/peijun/miniconda3/lib/python3.12/site-packages/sqlalchemy/pool/impl.py", line 284, in _do_get
    return self._create_connection()
           ^^^^^^^^^^^^^^^^^^^^^^^^^
  File "/Users/peijun/miniconda3/lib/python3.12/site-packages/sqlalchemy/pool/base.py", line 393, in _create_connection
    return _ConnectionRecord(self)
           ^^^^^^^^^^^^^^^^^^^^^^^
  File "/Users/peijun/miniconda3/lib/python3.12/site-packages/sqlalchemy/pool/base.py", line 678, in __init__
    self.__connect()
  File "/Users/peijun/miniconda3/lib/python3.12/site-packages/sqlalchemy/pool/base.py", line 902, in __connect
    with util.safe_reraise():
  File "/Users/peijun/miniconda3/lib/python3.12/site-packages/sqlalchemy/util/langhelpers.py", line 146, in __exit__
    raise exc_value.with_traceback(exc_tb)
  File "/Users/peijun/miniconda3/lib/python3.12/site-packages/sqlalchemy/pool/base.py", line 898, in __connect
    self.dbapi_connection = connection = pool._invoke_creator(self)
                                         ^^^^^^^^^^^^^^^^^^^^^^^^^^
  File "/Users/peijun/miniconda3/lib/python3.12/site-packages/sqlalchemy/engine/create.py", line 645, in connect
    return dialect.connect(*cargs, **cparams)
           ^^^^^^^^^^^^^^^^^^^^^^^^^^^^^^^^^^
  File "/Users/peijun/miniconda3/lib/python3.12/site-packages/sqlalchemy/engine/default.py", line 616, in connect
    return self.loaded_dbapi.connect(*cargs, **cparams)
           ^^^^^^^^^^^^^^^^^^^^^^^^^^^^^^^^^^^^^^^^^^^^
  File "/Users/peijun/miniconda3/lib/python3.12/site-packages/sqlalchemy/dialects/sqlite/aiosqlite.py", line 352, in connect
    await_only(connection),
    ^^^^^^^^^^^^^^^^^^^^^^
  File "/Users/peijun/miniconda3/lib/python3.12/site-packages/sqlalchemy/util/_concurrency_py3k.py", line 130, in await_only
    return current.driver.switch(awaitable)  # type: ignore[no-any-return]
           ^^^^^^^^^^^^^^^^^^^^^^^^^^^^^^^^
  File "/Users/peijun/miniconda3/lib/python3.12/site-packages/sqlalchemy/util/_concurrency_py3k.py", line 195, in greenlet_spawn
    value = await result
            ^^^^^^^^^^^^
  File "/Users/peijun/miniconda3/lib/python3.12/site-packages/aiosqlite/core.py", line 141, in _connect
    self._connection = await future
                       ^^^^^^^^^^^^
  File "/Users/peijun/miniconda3/lib/python3.12/site-packages/aiosqlite/core.py", line 106, in run
    result = function()
             ^^^^^^^^^^
  File "/Users/peijun/miniconda3/lib/python3.12/site-packages/aiosqlite/core.py", line 401, in connector
    return sqlite3.connect(loc, **kwargs)
           ^^^^^^^^^^^^^^^^^^^^^^^^^^^^^^
sqlite3.OperationalError: unable to open database file

The above exception was the direct cause of the following exception:

Traceback (most recent call last):
  File "/Users/peijun/Desktop/kiro-aidlcdemo/server/main.py", line 80, in log_requests
    response = await call_next(request)
               ^^^^^^^^^^^^^^^^^^^^^^^^
  File "/Users/peijun/miniconda3/lib/python3.12/site-packages/starlette/middleware/base.py", line 165, in call_next
    raise app_exc
  File "/Users/peijun/miniconda3/lib/python3.12/site-packages/starlette/middleware/base.py", line 151, in coro
    await self.app(scope, receive_or_disconnect, send_no_error)
  File "/Users/peijun/miniconda3/lib/python3.12/site-packages/starlette/middleware/cors.py", line 83, in __call__
    await self.app(scope, receive, send)
  File "/Users/peijun/miniconda3/lib/python3.12/site-packages/starlette/middleware/exceptions.py", line 62, in __call__
    await wrap_app_handling_exceptions(self.app, conn)(scope, receive, send)
  File "/Users/peijun/miniconda3/lib/python3.12/site-packages/starlette/_exception_handler.py", line 64, in wrapped_app
    raise exc
  File "/Users/peijun/miniconda3/lib/python3.12/site-packages/starlette/_exception_handler.py", line 53, in wrapped_app
    await app(scope, receive, sender)
  File "/Users/peijun/miniconda3/lib/python3.12/site-packages/starlette/routing.py", line 762, in __call__
    await self.middleware_stack(scope, receive, send)
  File "/Users/peijun/miniconda3/lib/python3.12/site-packages/starlette/routing.py", line 782, in app
    await route.handle(scope, receive, send)
  File "/Users/peijun/miniconda3/lib/python3.12/site-packages/starlette/routing.py", line 297, in handle
    await self.app(scope, receive, send)
  File "/Users/peijun/miniconda3/lib/python3.12/site-packages/starlette/routing.py", line 77, in app
    await wrap_app_handling_exceptions(app, request)(scope, receive, send)
  File "/Users/peijun/miniconda3/lib/python3.12/site-packages/starlette/_exception_handler.py", line 64, in wrapped_app
    raise exc
  File "/Users/peijun/miniconda3/lib/python3.12/site-packages/starlette/_exception_handler.py", line 53, in wrapped_app
    await app(scope, receive, sender)
  File "/Users/peijun/miniconda3/lib/python3.12/site-packages/starlette/routing.py", line 72, in app
    response = await func(request)
               ^^^^^^^^^^^^^^^^^^^
  File "/Users/peijun/miniconda3/lib/python3.12/site-packages/fastapi/routing.py", line 299, in app
    raise e
  File "/Users/peijun/miniconda3/lib/python3.12/site-packages/fastapi/routing.py", line 294, in app
    raw_response = await run_endpoint_function(
                   ^^^^^^^^^^^^^^^^^^^^^^^^^^^^
  File "/Users/peijun/miniconda3/lib/python3.12/site-packages/fastapi/routing.py", line 191, in run_endpoint_function
    return await dependant.call(**values)
           ^^^^^^^^^^^^^^^^^^^^^^^^^^^^^^
  File "/Users/peijun/miniconda3/lib/python3.12/site-packages/slowapi/extension.py", line 734, in async_wrapper
    response = await func(*args, **kwargs)  # type: ignore
               ^^^^^^^^^^^^^^^^^^^^^^^^^^^
  File "/Users/peijun/Desktop/kiro-aidlcdemo/server/controllers/auth_controller.py", line 33, in login
    async with engine.begin() as conn:
  File "/Users/peijun/miniconda3/lib/python3.12/contextlib.py", line 210, in __aenter__
    return await anext(self.gen)
           ^^^^^^^^^^^^^^^^^^^^^
  File "/Users/peijun/miniconda3/lib/python3.12/site-packages/sqlalchemy/ext/asyncio/engine.py", line 1066, in begin
    async with conn:
  File "/Users/peijun/miniconda3/lib/python3.12/site-packages/sqlalchemy/ext/asyncio/base.py", line 125, in __aenter__
    return await self.start(is_ctxmanager=True)
           ^^^^^^^^^^^^^^^^^^^^^^^^^^^^^^^^^^^^
  File "/Users/peijun/miniconda3/lib/python3.12/site-packages/sqlalchemy/ext/asyncio/engine.py", line 270, in start
    await greenlet_spawn(self.sync_engine.connect)
  File "/Users/peijun/miniconda3/lib/python3.12/site-packages/sqlalchemy/util/_concurrency_py3k.py", line 200, in greenlet_spawn
    result = context.throw(*sys.exc_info())
             ^^^^^^^^^^^^^^^^^^^^^^^^^^^^^^
  File "/Users/peijun/miniconda3/lib/python3.12/site-packages/sqlalchemy/engine/base.py", line 3269, in connect
    return self._connection_cls(self)
           ^^^^^^^^^^^^^^^^^^^^^^^^^^
  File "/Users/peijun/miniconda3/lib/python3.12/site-packages/sqlalchemy/engine/base.py", line 147, in __init__
    Connection._handle_dbapi_exception_noconnection(
  File "/Users/peijun/miniconda3/lib/python3.12/site-packages/sqlalchemy/engine/base.py", line 2431, in _handle_dbapi_exception_noconnection
    raise sqlalchemy_exception.with_traceback(exc_info[2]) from e
  File "/Users/peijun/miniconda3/lib/python3.12/site-packages/sqlalchemy/engine/base.py", line 145, in __init__
    self._dbapi_connection = engine.raw_connection()
                             ^^^^^^^^^^^^^^^^^^^^^^^
  File "/Users/peijun/miniconda3/lib/python3.12/site-packages/sqlalchemy/engine/base.py", line 3293, in raw_connection
    return self.pool.connect()
           ^^^^^^^^^^^^^^^^^^^
  File "/Users/peijun/miniconda3/lib/python3.12/site-packages/sqlalchemy/pool/base.py", line 452, in connect
    return _ConnectionFairy._checkout(self)
           ^^^^^^^^^^^^^^^^^^^^^^^^^^^^^^^^
  File "/Users/peijun/miniconda3/lib/python3.12/site-packages/sqlalchemy/pool/base.py", line 1269, in _checkout
    fairy = _ConnectionRecord.checkout(pool)
            ^^^^^^^^^^^^^^^^^^^^^^^^^^^^^^^^
  File "/Users/peijun/miniconda3/lib/python3.12/site-packages/sqlalchemy/pool/base.py", line 716, in checkout
    rec = pool._do_get()
          ^^^^^^^^^^^^^^
  File "/Users/peijun/miniconda3/lib/python3.12/site-packages/sqlalchemy/pool/impl.py", line 284, in _do_get
    return self._create_connection()
           ^^^^^^^^^^^^^^^^^^^^^^^^^
  File "/Users/peijun/miniconda3/lib/python3.12/site-packages/sqlalchemy/pool/base.py", line 393, in _create_connection
    return _ConnectionRecord(self)
           ^^^^^^^^^^^^^^^^^^^^^^^
  File "/Users/peijun/miniconda3/lib/python3.12/site-packages/sqlalchemy/pool/base.py", line 678, in __init__
    self.__connect()
  File "/Users/peijun/miniconda3/lib/python3.12/site-packages/sqlalchemy/pool/base.py", line 902, in __connect
    with util.safe_reraise():
  File "/Users/peijun/miniconda3/lib/python3.12/site-packages/sqlalchemy/util/langhelpers.py", line 146, in __exit__
    raise exc_value.with_traceback(exc_tb)
  File "/Users/peijun/miniconda3/lib/python3.12/site-packages/sqlalchemy/pool/base.py", line 898, in __connect
    self.dbapi_connection = connection = pool._invoke_creator(self)
                                         ^^^^^^^^^^^^^^^^^^^^^^^^^^
  File "/Users/peijun/miniconda3/lib/python3.12/site-packages/sqlalchemy/engine/create.py", line 645, in connect
    return dialect.connect(*cargs, **cparams)
           ^^^^^^^^^^^^^^^^^^^^^^^^^^^^^^^^^^
  File "/Users/peijun/miniconda3/lib/python3.12/site-packages/sqlalchemy/engine/default.py", line 616, in connect
    return self.loaded_dbapi.connect(*cargs, **cparams)
           ^^^^^^^^^^^^^^^^^^^^^^^^^^^^^^^^^^^^^^^^^^^^
  File "/Users/peijun/miniconda3/lib/python3.12/site-packages/sqlalchemy/dialects/sqlite/aiosqlite.py", line 352, in connect
    await_only(connection),
    ^^^^^^^^^^^^^^^^^^^^^^
  File "/Users/peijun/miniconda3/lib/python3.12/site-packages/sqlalchemy/util/_concurrency_py3k.py", line 130, in await_only
    return current.driver.switch(awaitable)  # type: ignore[no-any-return]
           ^^^^^^^^^^^^^^^^^^^^^^^^^^^^^^^^
  File "/Users/peijun/miniconda3/lib/python3.12/site-packages/sqlalchemy/util/_concurrency_py3k.py", line 195, in greenlet_spawn
    value = await result
            ^^^^^^^^^^^^
  File "/Users/peijun/miniconda3/lib/python3.12/site-packages/aiosqlite/core.py", line 141, in _connect
    self._connection = await future
                       ^^^^^^^^^^^^
  File "/Users/peijun/miniconda3/lib/python3.12/site-packages/aiosqlite/core.py", line 106, in run
    result = function()
             ^^^^^^^^^^
  File "/Users/peijun/miniconda3/lib/python3.12/site-packages/aiosqlite/core.py", line 401, in connector
    return sqlite3.connect(loc, **kwargs)
           ^^^^^^^^^^^^^^^^^^^^^^^^^^^^^^
sqlalchemy.exc.OperationalError: (sqlite3.OperationalError) unable to open database file
(Background on this error at: https://sqlalche.me/e/20/e3q8)
2025-11-19 18:31:08,663 - main - ERROR - Unhandled exception: (sqlite3.OperationalError) unable to open database file
(Background on this error at: https://sqlalche.me/e/20/e3q8)
Traceback (most recent call last):
  File "/Users/peijun/miniconda3/lib/python3.12/site-packages/sqlalchemy/engine/base.py", line 145, in __init__
    self._dbapi_connection = engine.raw_connection()
                             ^^^^^^^^^^^^^^^^^^^^^^^
  File "/Users/peijun/miniconda3/lib/python3.12/site-packages/sqlalchemy/engine/base.py", line 3293, in raw_connection
    return self.pool.connect()
           ^^^^^^^^^^^^^^^^^^^
  File "/Users/peijun/miniconda3/lib/python3.12/site-packages/sqlalchemy/pool/base.py", line 452, in connect
    return _ConnectionFairy._checkout(self)
           ^^^^^^^^^^^^^^^^^^^^^^^^^^^^^^^^
  File "/Users/peijun/miniconda3/lib/python3.12/site-packages/sqlalchemy/pool/base.py", line 1269, in _checkout
    fairy = _ConnectionRecord.checkout(pool)
            ^^^^^^^^^^^^^^^^^^^^^^^^^^^^^^^^
  File "/Users/peijun/miniconda3/lib/python3.12/site-packages/sqlalchemy/pool/base.py", line 716, in checkout
    rec = pool._do_get()
          ^^^^^^^^^^^^^^
  File "/Users/peijun/miniconda3/lib/python3.12/site-packages/sqlalchemy/pool/impl.py", line 284, in _do_get
    return self._create_connection()
           ^^^^^^^^^^^^^^^^^^^^^^^^^
  File "/Users/peijun/miniconda3/lib/python3.12/site-packages/sqlalchemy/pool/base.py", line 393, in _create_connection
    return _ConnectionRecord(self)
           ^^^^^^^^^^^^^^^^^^^^^^^
  File "/Users/peijun/miniconda3/lib/python3.12/site-packages/sqlalchemy/pool/base.py", line 678, in __init__
    self.__connect()
  File "/Users/peijun/miniconda3/lib/python3.12/site-packages/sqlalchemy/pool/base.py", line 902, in __connect
    with util.safe_reraise():
  File "/Users/peijun/miniconda3/lib/python3.12/site-packages/sqlalchemy/util/langhelpers.py", line 146, in __exit__
    raise exc_value.with_traceback(exc_tb)
  File "/Users/peijun/miniconda3/lib/python3.12/site-packages/sqlalchemy/pool/base.py", line 898, in __connect
    self.dbapi_connection = connection = pool._invoke_creator(self)
                                         ^^^^^^^^^^^^^^^^^^^^^^^^^^
  File "/Users/peijun/miniconda3/lib/python3.12/site-packages/sqlalchemy/engine/create.py", line 645, in connect
    return dialect.connect(*cargs, **cparams)
           ^^^^^^^^^^^^^^^^^^^^^^^^^^^^^^^^^^
  File "/Users/peijun/miniconda3/lib/python3.12/site-packages/sqlalchemy/engine/default.py", line 616, in connect
    return self.loaded_dbapi.connect(*cargs, **cparams)
           ^^^^^^^^^^^^^^^^^^^^^^^^^^^^^^^^^^^^^^^^^^^^
  File "/Users/peijun/miniconda3/lib/python3.12/site-packages/sqlalchemy/dialects/sqlite/aiosqlite.py", line 352, in connect
    await_only(connection),
    ^^^^^^^^^^^^^^^^^^^^^^
  File "/Users/peijun/miniconda3/lib/python3.12/site-packages/sqlalchemy/util/_concurrency_py3k.py", line 130, in await_only
    return current.driver.switch(awaitable)  # type: ignore[no-any-return]
           ^^^^^^^^^^^^^^^^^^^^^^^^^^^^^^^^
  File "/Users/peijun/miniconda3/lib/python3.12/site-packages/sqlalchemy/util/_concurrency_py3k.py", line 195, in greenlet_spawn
    value = await result
            ^^^^^^^^^^^^
  File "/Users/peijun/miniconda3/lib/python3.12/site-packages/aiosqlite/core.py", line 141, in _connect
    self._connection = await future
                       ^^^^^^^^^^^^
  File "/Users/peijun/miniconda3/lib/python3.12/site-packages/aiosqlite/core.py", line 106, in run
    result = function()
             ^^^^^^^^^^
  File "/Users/peijun/miniconda3/lib/python3.12/site-packages/aiosqlite/core.py", line 401, in connector
    return sqlite3.connect(loc, **kwargs)
           ^^^^^^^^^^^^^^^^^^^^^^^^^^^^^^
sqlite3.OperationalError: unable to open database file

The above exception was the direct cause of the following exception:

Traceback (most recent call last):
  File "/Users/peijun/miniconda3/lib/python3.12/site-packages/starlette/middleware/errors.py", line 164, in __call__
    await self.app(scope, receive, _send)
  File "/Users/peijun/miniconda3/lib/python3.12/site-packages/starlette/middleware/base.py", line 189, in __call__
    with collapse_excgroups():
  File "/Users/peijun/miniconda3/lib/python3.12/contextlib.py", line 158, in __exit__
    self.gen.throw(value)
  File "/Users/peijun/miniconda3/lib/python3.12/site-packages/starlette/_utils.py", line 91, in collapse_excgroups
    raise exc
  File "/Users/peijun/miniconda3/lib/python3.12/site-packages/starlette/middleware/base.py", line 191, in __call__
    response = await self.dispatch_func(request, call_next)
               ^^^^^^^^^^^^^^^^^^^^^^^^^^^^^^^^^^^^^^^^^^^^
  File "/Users/peijun/Desktop/kiro-aidlcdemo/server/main.py", line 80, in log_requests
    response = await call_next(request)
               ^^^^^^^^^^^^^^^^^^^^^^^^
  File "/Users/peijun/miniconda3/lib/python3.12/site-packages/starlette/middleware/base.py", line 165, in call_next
    raise app_exc
  File "/Users/peijun/miniconda3/lib/python3.12/site-packages/starlette/middleware/base.py", line 151, in coro
    await self.app(scope, receive_or_disconnect, send_no_error)
  File "/Users/peijun/miniconda3/lib/python3.12/site-packages/starlette/middleware/cors.py", line 83, in __call__
    await self.app(scope, receive, send)
  File "/Users/peijun/miniconda3/lib/python3.12/site-packages/starlette/middleware/exceptions.py", line 62, in __call__
    await wrap_app_handling_exceptions(self.app, conn)(scope, receive, send)
  File "/Users/peijun/miniconda3/lib/python3.12/site-packages/starlette/_exception_handler.py", line 64, in wrapped_app
    raise exc
  File "/Users/peijun/miniconda3/lib/python3.12/site-packages/starlette/_exception_handler.py", line 53, in wrapped_app
    await app(scope, receive, sender)
  File "/Users/peijun/miniconda3/lib/python3.12/site-packages/starlette/routing.py", line 762, in __call__
    await self.middleware_stack(scope, receive, send)
  File "/Users/peijun/miniconda3/lib/python3.12/site-packages/starlette/routing.py", line 782, in app
    await route.handle(scope, receive, send)
  File "/Users/peijun/miniconda3/lib/python3.12/site-packages/starlette/routing.py", line 297, in handle
    await self.app(scope, receive, send)
  File "/Users/peijun/miniconda3/lib/python3.12/site-packages/starlette/routing.py", line 77, in app
    await wrap_app_handling_exceptions(app, request)(scope, receive, send)
  File "/Users/peijun/miniconda3/lib/python3.12/site-packages/starlette/_exception_handler.py", line 64, in wrapped_app
    raise exc
  File "/Users/peijun/miniconda3/lib/python3.12/site-packages/starlette/_exception_handler.py", line 53, in wrapped_app
    await app(scope, receive, sender)
  File "/Users/peijun/miniconda3/lib/python3.12/site-packages/starlette/routing.py", line 72, in app
    response = await func(request)
               ^^^^^^^^^^^^^^^^^^^
  File "/Users/peijun/miniconda3/lib/python3.12/site-packages/fastapi/routing.py", line 299, in app
    raise e
  File "/Users/peijun/miniconda3/lib/python3.12/site-packages/fastapi/routing.py", line 294, in app
    raw_response = await run_endpoint_function(
                   ^^^^^^^^^^^^^^^^^^^^^^^^^^^^
  File "/Users/peijun/miniconda3/lib/python3.12/site-packages/fastapi/routing.py", line 191, in run_endpoint_function
    return await dependant.call(**values)
           ^^^^^^^^^^^^^^^^^^^^^^^^^^^^^^
  File "/Users/peijun/miniconda3/lib/python3.12/site-packages/slowapi/extension.py", line 734, in async_wrapper
    response = await func(*args, **kwargs)  # type: ignore
               ^^^^^^^^^^^^^^^^^^^^^^^^^^^
  File "/Users/peijun/Desktop/kiro-aidlcdemo/server/controllers/auth_controller.py", line 33, in login
    async with engine.begin() as conn:
  File "/Users/peijun/miniconda3/lib/python3.12/contextlib.py", line 210, in __aenter__
    return await anext(self.gen)
           ^^^^^^^^^^^^^^^^^^^^^
  File "/Users/peijun/miniconda3/lib/python3.12/site-packages/sqlalchemy/ext/asyncio/engine.py", line 1066, in begin
    async with conn:
  File "/Users/peijun/miniconda3/lib/python3.12/site-packages/sqlalchemy/ext/asyncio/base.py", line 125, in __aenter__
    return await self.start(is_ctxmanager=True)
           ^^^^^^^^^^^^^^^^^^^^^^^^^^^^^^^^^^^^
  File "/Users/peijun/miniconda3/lib/python3.12/site-packages/sqlalchemy/ext/asyncio/engine.py", line 270, in start
    await greenlet_spawn(self.sync_engine.connect)
  File "/Users/peijun/miniconda3/lib/python3.12/site-packages/sqlalchemy/util/_concurrency_py3k.py", line 200, in greenlet_spawn
    result = context.throw(*sys.exc_info())
             ^^^^^^^^^^^^^^^^^^^^^^^^^^^^^^
  File "/Users/peijun/miniconda3/lib/python3.12/site-packages/sqlalchemy/engine/base.py", line 3269, in connect
    return self._connection_cls(self)
           ^^^^^^^^^^^^^^^^^^^^^^^^^^
  File "/Users/peijun/miniconda3/lib/python3.12/site-packages/sqlalchemy/engine/base.py", line 147, in __init__
    Connection._handle_dbapi_exception_noconnection(
  File "/Users/peijun/miniconda3/lib/python3.12/site-packages/sqlalchemy/engine/base.py", line 2431, in _handle_dbapi_exception_noconnection
    raise sqlalchemy_exception.with_traceback(exc_info[2]) from e
  File "/Users/peijun/miniconda3/lib/python3.12/site-packages/sqlalchemy/engine/base.py", line 145, in __init__
    self._dbapi_connection = engine.raw_connection()
                             ^^^^^^^^^^^^^^^^^^^^^^^
  File "/Users/peijun/miniconda3/lib/python3.12/site-packages/sqlalchemy/engine/base.py", line 3293, in raw_connection
    return self.pool.connect()
           ^^^^^^^^^^^^^^^^^^^
  File "/Users/peijun/miniconda3/lib/python3.12/site-packages/sqlalchemy/pool/base.py", line 452, in connect
    return _ConnectionFairy._checkout(self)
           ^^^^^^^^^^^^^^^^^^^^^^^^^^^^^^^^
  File "/Users/peijun/miniconda3/lib/python3.12/site-packages/sqlalchemy/pool/base.py", line 1269, in _checkout
    fairy = _ConnectionRecord.checkout(pool)
            ^^^^^^^^^^^^^^^^^^^^^^^^^^^^^^^^
  File "/Users/peijun/miniconda3/lib/python3.12/site-packages/sqlalchemy/pool/base.py", line 716, in checkout
    rec = pool._do_get()
          ^^^^^^^^^^^^^^
  File "/Users/peijun/miniconda3/lib/python3.12/site-packages/sqlalchemy/pool/impl.py", line 284, in _do_get
    return self._create_connection()
           ^^^^^^^^^^^^^^^^^^^^^^^^^
  File "/Users/peijun/miniconda3/lib/python3.12/site-packages/sqlalchemy/pool/base.py", line 393, in _create_connection
    return _ConnectionRecord(self)
           ^^^^^^^^^^^^^^^^^^^^^^^
  File "/Users/peijun/miniconda3/lib/python3.12/site-packages/sqlalchemy/pool/base.py", line 678, in __init__
    self.__connect()
  File "/Users/peijun/miniconda3/lib/python3.12/site-packages/sqlalchemy/pool/base.py", line 902, in __connect
    with util.safe_reraise():
  File "/Users/peijun/miniconda3/lib/python3.12/site-packages/sqlalchemy/util/langhelpers.py", line 146, in __exit__
    raise exc_value.with_traceback(exc_tb)
  File "/Users/peijun/miniconda3/lib/python3.12/site-packages/sqlalchemy/pool/base.py", line 898, in __connect
    self.dbapi_connection = connection = pool._invoke_creator(self)
                                         ^^^^^^^^^^^^^^^^^^^^^^^^^^
  File "/Users/peijun/miniconda3/lib/python3.12/site-packages/sqlalchemy/engine/create.py", line 645, in connect
    return dialect.connect(*cargs, **cparams)
           ^^^^^^^^^^^^^^^^^^^^^^^^^^^^^^^^^^
  File "/Users/peijun/miniconda3/lib/python3.12/site-packages/sqlalchemy/engine/default.py", line 616, in connect
    return self.loaded_dbapi.connect(*cargs, **cparams)
           ^^^^^^^^^^^^^^^^^^^^^^^^^^^^^^^^^^^^^^^^^^^^
  File "/Users/peijun/miniconda3/lib/python3.12/site-packages/sqlalchemy/dialects/sqlite/aiosqlite.py", line 352, in connect
    await_only(connection),
    ^^^^^^^^^^^^^^^^^^^^^^
  File "/Users/peijun/miniconda3/lib/python3.12/site-packages/sqlalchemy/util/_concurrency_py3k.py", line 130, in await_only
    return current.driver.switch(awaitable)  # type: ignore[no-any-return]
           ^^^^^^^^^^^^^^^^^^^^^^^^^^^^^^^^
  File "/Users/peijun/miniconda3/lib/python3.12/site-packages/sqlalchemy/util/_concurrency_py3k.py", line 195, in greenlet_spawn
    value = await result
            ^^^^^^^^^^^^
  File "/Users/peijun/miniconda3/lib/python3.12/site-packages/aiosqlite/core.py", line 141, in _connect
    self._connection = await future
                       ^^^^^^^^^^^^
  File "/Users/peijun/miniconda3/lib/python3.12/site-packages/aiosqlite/core.py", line 106, in run
    result = function()
             ^^^^^^^^^^
  File "/Users/peijun/miniconda3/lib/python3.12/site-packages/aiosqlite/core.py", line 401, in connector
    return sqlite3.connect(loc, **kwargs)
           ^^^^^^^^^^^^^^^^^^^^^^^^^^^^^^
sqlalchemy.exc.OperationalError: (sqlite3.OperationalError) unable to open database file
(Background on this error at: https://sqlalche.me/e/20/e3q8)
2025-11-19 18:32:06,683 - main - INFO - Request: POST /api/auth/login
2025-11-19 18:32:06,906 - main - INFO - Response: 200 - 0.224s
2025-11-19 18:32:58,576 - main - INFO - Request: POST /api/auth/login
2025-11-19 18:32:58,772 - main - INFO - Response: 200 - 0.196s
2025-11-19 18:32:58,774 - main - INFO - Request: POST /api/auth/login
2025-11-19 18:32:58,965 - main - INFO - Response: 200 - 0.191s
2025-11-19 18:32:58,967 - main - INFO - Request: GET /api/personal/products
2025-11-19 18:32:58,978 - main - INFO - Response: 200 - 0.011s
2025-11-19 18:32:58,980 - main - INFO - Request: GET /api/personal/products/search
2025-11-19 18:32:58,983 - main - INFO - Response: 422 - 0.003s
2025-11-19 18:32:58,984 - main - INFO - Request: GET /api/personal/categories
2025-11-19 18:32:58,985 - main - INFO - Response: 404 - 0.000s
2025-11-19 18:32:58,986 - main - INFO - Request: POST /api/personal/cart/add
2025-11-19 18:32:58,994 - main - INFO - Response: 200 - 0.008s
2025-11-19 18:32:58,995 - main - INFO - Request: GET /api/personal/cart
2025-11-19 18:32:59,000 - main - INFO - Response: 200 - 0.005s
2025-11-19 18:32:59,001 - main - INFO - Request: PUT /api/personal/cart/update
2025-11-19 18:32:59,028 - main - INFO - Response: 200 - 0.026s
2025-11-19 18:32:59,030 - main - INFO - Request: DELETE /api/personal/cart/clear
2025-11-19 18:32:59,034 - main - INFO - Response: 200 - 0.005s
2025-11-19 18:32:59,036 - main - INFO - Request: GET /api/personal/points/balance
2025-11-19 18:32:59,039 - main - INFO - Response: 200 - 0.003s
2025-11-19 18:32:59,040 - main - INFO - Request: GET /api/manage/users
2025-11-19 18:32:59,044 - main - INFO - Response: 200 - 0.004s
2025-11-19 18:32:59,046 - main - INFO - Request: GET /api/manage/products
2025-11-19 18:32:59,054 - main - INFO - Response: 200 - 0.008s
2025-11-19 18:32:59,058 - main - INFO - Request: POST /api/manage/points/grant
2025-11-19 18:32:59,062 - main - INFO - Response: 422 - 0.004s
2025-11-19 18:32:59,063 - main - INFO - Request: GET /api/manage/users
2025-11-19 18:32:59,066 - main - INFO - Response: 403 - 0.002s
2025-11-19 18:33:44,803 - main - INFO - Request: POST /api/auth/login
2025-11-19 18:33:44,997 - main - INFO - Response: 200 - 0.194s
2025-11-19 18:33:44,999 - main - INFO - Request: POST /api/auth/login
2025-11-19 18:33:45,191 - main - INFO - Response: 200 - 0.192s
2025-11-19 18:33:45,192 - main - INFO - Request: GET /api/personal/products
2025-11-19 18:33:45,216 - main - INFO - Response: 200 - 0.023s
2025-11-19 18:33:45,218 - main - INFO - Request: GET /api/personal/products/search
2025-11-19 18:33:45,220 - main - INFO - Response: 422 - 0.002s
2025-11-19 18:33:45,222 - main - INFO - Request: GET /api/personal/categories
2025-11-19 18:33:45,222 - main - INFO - Response: 404 - 0.000s
2025-11-19 18:33:45,223 - main - INFO - Request: POST /api/personal/cart/add
2025-11-19 18:33:45,229 - main - INFO - Response: 200 - 0.006s
2025-11-19 18:33:45,231 - main - INFO - Request: GET /api/personal/cart
2025-11-19 18:33:45,235 - main - INFO - Response: 200 - 0.004s
2025-11-19 18:33:45,237 - main - INFO - Request: PUT /api/personal/cart/update
2025-11-19 18:33:45,243 - main - INFO - Response: 200 - 0.006s
2025-11-19 18:33:45,244 - main - INFO - Request: DELETE /api/personal/cart/clear
2025-11-19 18:33:45,249 - main - INFO - Response: 200 - 0.004s
2025-11-19 18:33:45,250 - main - INFO - Request: GET /api/personal/points/balance
2025-11-19 18:33:45,253 - main - INFO - Response: 200 - 0.003s
2025-11-19 18:33:45,255 - main - INFO - Request: GET /api/manage/users
2025-11-19 18:33:45,258 - main - INFO - Response: 200 - 0.003s
2025-11-19 18:33:45,260 - main - INFO - Request: GET /api/manage/products
2025-11-19 18:33:45,268 - main - INFO - Response: 200 - 0.008s
2025-11-19 18:33:45,270 - main - INFO - Request: POST /api/manage/points/grant
2025-11-19 18:33:45,273 - main - INFO - Response: 422 - 0.003s
2025-11-19 18:33:45,274 - main - INFO - Request: GET /api/manage/users
2025-11-19 18:33:45,276 - main - INFO - Response: 403 - 0.002s
2025-11-19 18:34:00,157 - main - INFO - Request: POST /api/auth/login
2025-11-19 18:34:00,366 - main - INFO - Response: 200 - 0.208s
2025-11-19 18:34:11,612 - main - INFO - Request: GET /api/personal/products/search
2025-11-19 18:34:11,616 - main - INFO - Response: 422 - 0.003s
2025-11-19 18:35:36,147 - main - INFO - Request: POST /api/auth/login
2025-11-19 18:35:36,343 - main - INFO - Response: 200 - 0.196s
2025-11-19 18:35:36,346 - main - INFO - Request: POST /api/auth/login
2025-11-19 18:35:36,539 - main - INFO - Response: 200 - 0.193s
2025-11-19 18:35:36,541 - main - INFO - Request: GET /api/personal/products
2025-11-19 18:35:36,551 - main - INFO - Response: 200 - 0.009s
2025-11-19 18:35:36,552 - main - INFO - Request: GET /api/personal/products
2025-11-19 18:35:36,559 - main - INFO - Response: 200 - 0.006s
2025-11-19 18:35:36,560 - main - INFO - Request: GET /api/manage/categories/tree
2025-11-19 18:35:36,565 - main - INFO - Response: 200 - 0.005s
2025-11-19 18:35:36,567 - main - INFO - Request: POST /api/personal/cart/add
2025-11-19 18:35:36,584 - main - INFO - Response: 200 - 0.017s
2025-11-19 18:35:36,585 - main - INFO - Request: GET /api/personal/cart
2025-11-19 18:35:36,588 - main - INFO - Response: 200 - 0.003s
2025-11-19 18:35:36,590 - main - INFO - Request: PUT /api/personal/cart/update
2025-11-19 18:35:36,595 - main - INFO - Response: 200 - 0.005s
2025-11-19 18:35:36,597 - main - INFO - Request: DELETE /api/personal/cart/clear
2025-11-19 18:35:36,602 - main - INFO - Response: 200 - 0.005s
2025-11-19 18:35:36,604 - main - INFO - Request: GET /api/personal/points/balance
2025-11-19 18:35:36,607 - main - INFO - Response: 200 - 0.004s
2025-11-19 18:35:36,609 - main - INFO - Request: GET /api/manage/users
2025-11-19 18:35:36,613 - main - INFO - Response: 200 - 0.004s
2025-11-19 18:35:36,614 - main - INFO - Request: GET /api/manage/products
2025-11-19 18:35:36,623 - main - INFO - Response: 200 - 0.008s
2025-11-19 18:35:36,625 - main - INFO - Request: POST /api/manage/points/grant
2025-11-19 18:35:36,631 - main - INFO - Response: 200 - 0.007s
2025-11-19 18:35:36,633 - main - INFO - Request: GET /api/manage/users
2025-11-19 18:35:36,635 - main - INFO - Response: 403 - 0.002s
2025-11-19 18:35:48,752 - main - INFO - Request: GET /api/manage/users
2025-11-19 18:35:48,755 - main - INFO - Response: 403 - 0.003s
2025-11-19 18:36:09,712 - main - INFO - Request: POST /api/auth/login
2025-11-19 18:36:09,906 - main - INFO - Response: 200 - 0.194s
2025-11-19 18:36:09,908 - main - INFO - Request: POST /api/auth/login
2025-11-19 18:36:10,102 - main - INFO - Response: 200 - 0.194s
2025-11-19 18:36:10,104 - main - INFO - Request: GET /api/personal/products
2025-11-19 18:36:10,113 - main - INFO - Response: 200 - 0.009s
2025-11-19 18:36:10,114 - main - INFO - Request: GET /api/personal/products
2025-11-19 18:36:10,121 - main - INFO - Response: 200 - 0.006s
2025-11-19 18:36:10,123 - main - INFO - Request: GET /api/manage/categories/tree
2025-11-19 18:36:10,127 - main - INFO - Response: 200 - 0.004s
2025-11-19 18:36:10,129 - main - INFO - Request: POST /api/personal/cart/add
2025-11-19 18:36:10,135 - main - INFO - Response: 200 - 0.006s
2025-11-19 18:36:10,137 - main - INFO - Request: GET /api/personal/cart
2025-11-19 18:36:10,141 - main - INFO - Response: 200 - 0.004s
2025-11-19 18:36:10,143 - main - INFO - Request: PUT /api/personal/cart/update
2025-11-19 18:36:10,148 - main - INFO - Response: 200 - 0.005s
2025-11-19 18:36:10,150 - main - INFO - Request: DELETE /api/personal/cart/clear
2025-11-19 18:36:10,154 - main - INFO - Response: 200 - 0.004s
2025-11-19 18:36:10,155 - main - INFO - Request: GET /api/personal/points/balance
2025-11-19 18:36:10,160 - main - INFO - Response: 200 - 0.005s
2025-11-19 18:36:10,162 - main - INFO - Request: GET /api/manage/users
2025-11-19 18:36:10,166 - main - INFO - Response: 200 - 0.004s
2025-11-19 18:36:10,168 - main - INFO - Request: GET /api/manage/products
2025-11-19 18:36:10,177 - main - INFO - Response: 200 - 0.009s
2025-11-19 18:36:10,179 - main - INFO - Request: POST /api/manage/points/grant
2025-11-19 18:36:10,186 - main - INFO - Response: 200 - 0.006s
2025-11-19 18:36:10,188 - main - INFO - Request: GET /api/manage/users
2025-11-19 18:36:10,190 - main - INFO - Response: 403 - 0.002s
2025-11-19 18:44:52,343 - main - INFO - Request: GET /
2025-11-19 18:44:52,351 - main - INFO - Response: 200 - 0.008s
2025-11-19 18:44:52,617 - main - INFO - Request: GET /favicon.ico
2025-11-19 18:44:52,619 - main - INFO - Response: 404 - 0.002s
2025-11-19 18:46:40,555 - main - INFO - Request: POST /api/auth/login
2025-11-19 18:46:40,775 - main - WARNING - Business exception: 用户名或密码错误
2025-11-19 18:46:40,776 - main - INFO - Response: 401 - 0.221s
2025-11-19 18:49:27,605 - main - INFO - Request: POST /api/auth/login
2025-11-19 18:49:27,823 - main - WARNING - Business exception: 用户名或密码错误
2025-11-19 18:49:27,824 - main - INFO - Response: 401 - 0.219s
2025-11-19 18:50:12,258 - main - INFO - Request: POST /api/auth/login
2025-11-19 18:50:12,470 - main - WARNING - Business exception: 用户名或密码错误
2025-11-19 18:50:12,470 - main - INFO - Response: 401 - 0.212s
2025-11-19 18:51:43,465 - main - INFO - Request: POST /api/auth/login
2025-11-19 18:51:43,687 - main - INFO - Response: 200 - 0.222s
2025-11-19 18:51:43,752 - main - INFO - Request: GET /api/manage/users
2025-11-19 18:51:43,753 - main - INFO - Request: GET /api/auth/current-user
2025-11-19 18:51:43,765 - main - INFO - Response: 200 - 0.013s
2025-11-19 18:51:43,766 - main - INFO - Response: 200 - 0.013s
2025-11-19 18:51:55,638 - main - INFO - Request: GET /api/manage/products
2025-11-19 18:51:55,663 - main - INFO - Response: 200 - 0.025s
2025-11-19 18:51:56,743 - main - INFO - Request: GET /api/manage/categories
2025-11-19 18:51:56,751 - main - INFO - Response: 200 - 0.008s
2025-11-19 18:51:57,476 - main - INFO - Request: GET /api/manage/users
2025-11-19 18:51:57,485 - main - INFO - Response: 200 - 0.010s
2025-11-19 18:51:59,743 - main - INFO - Request: GET /api/manage/logs
2025-11-19 18:51:59,753 - main - INFO - Response: 200 - 0.010s
2025-11-19 18:52:01,457 - main - INFO - Request: GET /api/manage/users
2025-11-19 18:52:01,471 - main - INFO - Response: 200 - 0.014s
2025-11-19 18:52:02,368 - main - INFO - Request: GET /api/manage/products
2025-11-19 18:52:02,390 - main - INFO - Response: 200 - 0.022s
2025-11-19 18:52:15,138 - main - INFO - Request: GET /api/manage/categories
2025-11-19 18:52:15,147 - main - INFO - Response: 200 - 0.010s
2025-11-19 18:52:25,136 - main - INFO - Request: POST /api/manage/products
2025-11-19 18:52:25,156 - main - INFO - Response: 200 - 0.020s
2025-11-19 18:52:25,208 - main - INFO - Request: GET /api/manage/products
2025-11-19 18:52:25,230 - main - INFO - Response: 200 - 0.022s
2025-11-19 18:52:28,860 - main - INFO - Request: PUT /api/manage/products/101/status
2025-11-19 18:52:28,867 - main - INFO - Response: 422 - 0.007s
2025-11-19 18:54:24,832 - main - INFO - Request: GET /api/manage/users
2025-11-19 18:54:24,879 - main - INFO - Response: 200 - 0.048s
2025-11-19 18:54:45,479 - main - INFO - Request: POST /api/auth/login
2025-11-19 18:54:45,678 - main - WARNING - Business exception: 用户名或密码错误
2025-11-19 18:54:45,679 - main - INFO - Response: 401 - 0.199s
2025-11-19 18:54:54,109 - main - INFO - Request: POST /api/auth/login
2025-11-19 18:54:54,348 - main - INFO - Response: 200 - 0.239s
2025-11-19 18:54:54,389 - main - INFO - Request: GET /api/personal/categories
2025-11-19 18:54:54,390 - main - INFO - Request: GET /api/personal/products
2025-11-19 18:54:54,390 - main - INFO - Request: GET /api/auth/current-user
2025-11-19 18:54:54,390 - main - INFO - Request: GET /api/personal/cart
2025-11-19 18:54:54,390 - main - INFO - Response: 404 - 0.001s
2025-11-19 18:54:54,399 - main - INFO - Response: 200 - 0.009s
2025-11-19 18:54:54,400 - main - INFO - Response: 200 - 0.010s
2025-11-19 18:54:54,409 - main - INFO - Response: 200 - 0.019s
2025-11-19 18:54:54,420 - main - INFO - Request: GET /static/placeholder.png
2025-11-19 18:54:54,421 - main - INFO - Response: 404 - 0.000s
2025-11-19 18:55:03,814 - main - INFO - Request: GET /api/personal/cart
2025-11-19 18:55:03,831 - main - INFO - Response: 200 - 0.017s
2025-11-19 18:55:05,307 - main - INFO - Request: GET /api/personal/orders
2025-11-19 18:55:05,322 - main - INFO - Response: 200 - 0.016s
2025-11-19 18:55:06,150 - main - INFO - Request: GET /api/personal/points/transactions
2025-11-19 18:55:06,167 - main - INFO - Response: 200 - 0.017s
2025-11-19 18:55:07,144 - main - INFO - Request: GET /static/placeholder.png
2025-11-19 18:55:07,145 - main - INFO - Request: GET /api/personal/categories
2025-11-19 18:55:07,145 - main - INFO - Request: GET /api/personal/products
2025-11-19 18:55:07,145 - main - INFO - Response: 404 - 0.001s
2025-11-19 18:55:07,145 - main - INFO - Response: 404 - 0.001s
2025-11-19 18:55:07,165 - main - INFO - Response: 200 - 0.021s
2025-11-19 18:56:11,138 - main - INFO - Request: GET /api/manage/users
2025-11-19 18:56:11,141 - main - INFO - Request: GET /api/auth/current-user
2025-11-19 18:56:11,152 - main - INFO - Response: 200 - 0.015s
2025-11-19 18:56:11,154 - main - INFO - Response: 200 - 0.013s
2025-11-19 18:56:24,679 - main - INFO - Request: PUT /api/manage/products/1/status
2025-11-19 18:56:24,683 - main - INFO - Response: 401 - 0.004s
2025-11-19 18:56:33,247 - main - INFO - Request: POST /api/auth/login
2025-11-19 18:56:33,455 - main - INFO - Response: 200 - 0.208s
2025-11-19 18:56:33,643 - main - INFO - Request: PUT /api/manage/products/1/status
2025-11-19 18:56:33,652 - main - INFO - Response: 200 - 0.009s
2025-11-19 18:57:00,939 - main - INFO - Request: GET /api/manage/users
2025-11-19 18:57:00,941 - main - INFO - Request: GET /api/auth/current-user
2025-11-19 18:57:00,958 - main - INFO - Response: 200 - 0.017s
2025-11-19 18:57:00,959 - main - INFO - Response: 200 - 0.020s
2025-11-19 18:57:01,613 - main - INFO - Request: GET /api/manage/users
2025-11-19 18:57:01,613 - main - INFO - Request: GET /api/auth/current-user
2025-11-19 18:57:01,627 - main - INFO - Response: 200 - 0.014s
2025-11-19 18:57:01,628 - main - INFO - Response: 200 - 0.015s
2025-11-19 18:57:01,776 - main - INFO - Request: GET /api/manage/users
2025-11-19 18:57:01,776 - main - INFO - Request: GET /api/auth/current-user
2025-11-19 18:57:01,784 - main - INFO - Response: 200 - 0.009s
2025-11-19 18:57:01,787 - main - INFO - Response: 200 - 0.011s
2025-11-19 18:57:01,936 - main - INFO - Request: GET /api/manage/users
2025-11-19 18:57:01,937 - main - INFO - Request: GET /api/auth/current-user
2025-11-19 18:57:01,952 - main - INFO - Response: 200 - 0.016s
2025-11-19 18:57:01,953 - main - INFO - Response: 200 - 0.016s
2025-11-19 18:57:02,779 - main - INFO - Request: GET /api/manage/products
2025-11-19 18:57:02,809 - main - INFO - Response: 200 - 0.031s
2025-11-19 18:57:05,070 - main - INFO - Request: PUT /api/manage/products/101/status
2025-11-19 18:57:05,088 - main - INFO - Response: 200 - 0.018s
2025-11-19 18:57:05,099 - main - INFO - Request: GET /api/manage/products
2025-11-19 18:57:05,122 - main - INFO - Response: 200 - 0.023s
2025-11-19 18:57:10,217 - main - INFO - Request: GET /api/personal/categories
2025-11-19 18:57:10,219 - main - INFO - Request: GET /api/personal/products
2025-11-19 18:57:10,220 - main - INFO - Response: 404 - 0.003s
2025-11-19 18:57:10,223 - main - INFO - Request: GET /api/auth/current-user
2025-11-19 18:57:10,224 - main - INFO - Request: GET /api/personal/cart
2025-11-19 18:57:10,236 - main - INFO - Response: 200 - 0.012s
2025-11-19 18:57:10,238 - main - INFO - Response: 200 - 0.015s
2025-11-19 18:57:10,248 - main - INFO - Response: 200 - 0.029s
2025-11-19 18:57:10,268 - main - INFO - Request: GET /static/placeholder.png
2025-11-19 18:57:10,268 - main - INFO - Response: 404 - 0.000s
2025-11-19 18:57:15,458 - main - INFO - Request: POST /api/personal/cart/add
2025-11-19 18:57:15,473 - main - INFO - Response: 200 - 0.015s
2025-11-19 18:57:15,481 - main - INFO - Request: GET /api/personal/cart
2025-11-19 18:57:15,490 - main - INFO - Response: 200 - 0.008s
2025-11-19 18:57:20,867 - main - INFO - Request: GET /static/placeholder.png
2025-11-19 18:57:20,868 - main - INFO - Request: GET /api/personal/cart
2025-11-19 18:57:20,868 - main - INFO - Response: 404 - 0.002s
2025-11-19 18:57:20,882 - main - INFO - Response: 200 - 0.014s
2025-11-19 18:57:22,796 - main - INFO - Request: GET /static/placeholder.png
2025-11-19 18:57:22,797 - main - INFO - Response: 404 - 0.001s
2025-11-19 18:57:22,798 - main - INFO - Request: GET /api/personal/categories
2025-11-19 18:57:22,798 - main - INFO - Request: GET /api/personal/products
2025-11-19 18:57:22,800 - main - INFO - Response: 404 - 0.002s
2025-11-19 18:57:22,819 - main - INFO - Response: 200 - 0.021s
2025-11-19 18:58:32,929 - main - INFO - Request: GET /api/personal/categories
2025-11-19 18:58:32,931 - main - INFO - Request: GET /api/personal/products
2025-11-19 18:58:32,931 - main - INFO - Request: GET /api/auth/current-user
2025-11-19 18:58:32,933 - main - INFO - Request: GET /api/personal/cart
2025-11-19 18:58:32,934 - main - INFO - Response: 404 - 0.004s
2025-11-19 18:58:32,954 - main - INFO - Response: 200 - 0.020s
2025-11-19 18:58:32,957 - main - INFO - Response: 200 - 0.026s
2025-11-19 18:58:32,978 - main - INFO - Response: 200 - 0.047s
2025-11-19 18:58:33,019 - main - INFO - Request: GET /static/placeholder.png
2025-11-19 18:58:33,020 - main - INFO - Response: 404 - 0.001s
2025-11-19 19:00:38,777 - main - INFO - Request: GET /api/personal/categories
2025-11-19 19:00:38,778 - main - INFO - Request: GET /api/personal/products
2025-11-19 19:00:38,779 - main - INFO - Request: GET /api/auth/current-user
2025-11-19 19:00:38,780 - main - INFO - Request: GET /api/personal/cart
2025-11-19 19:00:38,780 - main - INFO - Response: 404 - 0.004s
2025-11-19 19:00:38,808 - main - INFO - Response: 200 - 0.028s
2025-11-19 19:00:38,808 - main - INFO - Response: 200 - 0.030s
2025-11-19 19:00:38,837 - main - INFO - Response: 200 - 0.059s
2025-11-19 19:00:38,847 - main - INFO - Request: GET /static/placeholder.png
2025-11-19 19:00:38,847 - main - INFO - Response: 404 - 0.000s
2025-11-19 19:00:40,545 - main - INFO - Request: GET /api/personal/categories
2025-11-19 19:00:40,546 - main - INFO - Request: GET /api/personal/products
2025-11-19 19:00:40,547 - main - INFO - Request: GET /api/auth/current-user
2025-11-19 19:00:40,548 - main - INFO - Response: 404 - 0.003s
2025-11-19 19:00:40,549 - main - INFO - Request: GET /api/personal/cart
2025-11-19 19:00:40,558 - main - INFO - Response: 200 - 0.011s
2025-11-19 19:00:40,560 - main - INFO - Response: 200 - 0.011s
2025-11-19 19:00:40,579 - main - INFO - Response: 200 - 0.034s
2025-11-19 19:00:40,593 - main - INFO - Request: GET /static/placeholder.png
2025-11-19 19:00:40,594 - main - INFO - Response: 404 - 0.001s
2025-11-19 19:01:02,323 - main - INFO - Request: HEAD /static/placeholder.png
2025-11-19 19:01:02,325 - main - INFO - Response: 404 - 0.002s
2025-11-19 19:01:56,689 - main - INFO - Request: HEAD /static/placeholder.png
2025-11-19 19:01:56,695 - main - INFO - Response: 200 - 0.006s
2025-11-19 19:02:05,161 - main - INFO - Request: GET /api/personal/categories
2025-11-19 19:02:05,163 - main - INFO - Request: GET /api/personal/products
2025-11-19 19:02:05,167 - main - INFO - Request: GET /api/auth/current-user
2025-11-19 19:02:05,167 - main - INFO - Response: 404 - 0.007s
2025-11-19 19:02:05,170 - main - INFO - Request: GET /api/personal/cart
2025-11-19 19:02:05,229 - main - INFO - Response: 200 - 0.059s
2025-11-19 19:02:05,236 - main - INFO - Response: 200 - 0.069s
2025-11-19 19:02:05,270 - main - INFO - Response: 200 - 0.107s
2025-11-19 19:02:05,294 - main - INFO - Request: GET /static/placeholder.png
2025-11-19 19:02:05,295 - main - INFO - Response: 200 - 0.001s
2025-11-19 19:02:47,349 - main - INFO - Request: GET /api/personal/categories
2025-11-19 19:02:47,352 - main - INFO - Request: GET /api/personal/products
2025-11-19 19:02:47,353 - main - INFO - Request: GET /api/auth/current-user
2025-11-19 19:02:47,354 - main - INFO - Response: 404 - 0.004s
2025-11-19 19:02:47,383 - main - INFO - Request: GET /api/personal/cart
2025-11-19 19:02:47,397 - main - INFO - Response: 200 - 0.014s
2025-11-19 19:02:47,400 - main - INFO - Response: 200 - 0.047s
2025-11-19 19:02:47,417 - main - INFO - Response: 200 - 0.065s
2025-11-19 19:02:47,439 - main - INFO - Request: GET /static/placeholder.png
2025-11-19 19:02:47,440 - main - INFO - Response: 304 - 0.001s
2025-11-19 19:02:57,479 - main - INFO - Request: GET /api/personal/categories
2025-11-19 19:02:57,480 - main - INFO - Response: 404 - 0.001s
2025-11-19 19:02:57,483 - main - INFO - Request: GET /api/personal/products
2025-11-19 19:02:57,483 - main - INFO - Request: GET /api/auth/current-user
2025-11-19 19:02:57,485 - main - INFO - Request: GET /api/personal/cart
2025-11-19 19:02:57,495 - main - INFO - Response: 200 - 0.011s
2025-11-19 19:02:57,497 - main - INFO - Response: 200 - 0.014s
2025-11-19 19:02:57,512 - main - INFO - Response: 200 - 0.030s
2025-11-19 19:02:58,510 - main - INFO - Request: GET /api/personal/categories
2025-11-19 19:02:58,511 - main - INFO - Request: GET /api/personal/products
2025-11-19 19:02:58,511 - main - INFO - Response: 404 - 0.002s
2025-11-19 19:02:58,512 - main - INFO - Request: GET /api/auth/current-user
2025-11-19 19:02:58,513 - main - INFO - Request: GET /api/personal/cart
2025-11-19 19:02:58,519 - main - INFO - Response: 200 - 0.007s
2025-11-19 19:02:58,521 - main - INFO - Response: 200 - 0.008s
2025-11-19 19:02:58,536 - main - INFO - Response: 200 - 0.026s
2025-11-19 19:03:23,598 - main - INFO - Request: GET /api/personal/categories
2025-11-19 19:03:23,599 - main - INFO - Request: GET /api/personal/products
2025-11-19 19:03:23,599 - main - INFO - Request: GET /api/auth/current-user
2025-11-19 19:03:23,601 - main - INFO - Request: GET /api/personal/cart
2025-11-19 19:03:23,601 - main - INFO - Response: 404 - 0.004s
2025-11-19 19:03:23,615 - main - INFO - Response: 200 - 0.014s
2025-11-19 19:03:23,618 - main - INFO - Response: 200 - 0.018s
2025-11-19 19:03:23,628 - main - INFO - Response: 200 - 0.029s
2025-11-19 19:03:23,656 - main - INFO - Request: GET /static/placeholder.png
2025-11-19 19:03:23,657 - main - INFO - Response: 304 - 0.001s
2025-11-19 19:04:45,717 - main - INFO - Request: POST /api/auth/login
2025-11-19 19:04:45,729 - main - WARNING - Business exception: 用户名或密码错误
2025-11-19 19:04:45,729 - main - INFO - Response: 401 - 0.012s
2025-11-19 19:04:45,989 - main - INFO - Request: GET /api/personal/categories
2025-11-19 19:04:45,990 - main - INFO - Response: 404 - 0.001s
2025-11-19 19:06:01,801 - main - INFO - Request: POST /api/auth/login
2025-11-19 19:06:02,013 - main - INFO - Response: 200 - 0.212s
2025-11-19 19:06:02,207 - main - INFO - Request: GET /api/personal/categories
2025-11-19 19:06:02,213 - main - INFO - Response: 200 - 0.007s
2025-11-19 19:06:17,476 - main - INFO - Request: GET /api/personal/categories
2025-11-19 19:06:17,485 - main - INFO - Request: GET /api/personal/products
2025-11-19 19:06:17,486 - main - INFO - Request: GET /api/auth/current-user
2025-11-19 19:06:17,491 - main - INFO - Request: GET /api/personal/cart
2025-11-19 19:06:17,533 - main - INFO - Response: 200 - 0.042s
2025-11-19 19:06:17,534 - main - INFO - Response: 200 - 0.057s
2025-11-19 19:06:17,537 - main - INFO - Response: 200 - 0.051s
2025-11-19 19:06:17,549 - main - INFO - Response: 200 - 0.064s
2025-11-19 19:06:17,561 - main - INFO - Request: GET /static/placeholder.png
2025-11-19 19:06:17,568 - main - INFO - Response: 304 - 0.007s
2025-11-19 19:06:19,181 - main - INFO - Request: GET /api/personal/categories
2025-11-19 19:06:19,182 - main - INFO - Request: GET /api/personal/products
2025-11-19 19:06:19,183 - main - INFO - Request: GET /api/auth/current-user
2025-11-19 19:06:19,184 - main - INFO - Request: GET /api/personal/cart
2025-11-19 19:06:19,194 - main - INFO - Response: 200 - 0.014s
2025-11-19 19:06:19,197 - main - INFO - Response: 200 - 0.014s
2025-11-19 19:06:19,198 - main - INFO - Response: 200 - 0.016s
2025-11-19 19:06:19,208 - main - INFO - Response: 200 - 0.026s
2025-11-19 19:06:19,582 - main - INFO - Request: GET /api/personal/categories
2025-11-19 19:06:19,583 - main - INFO - Request: GET /api/personal/products
2025-11-19 19:06:19,584 - main - INFO - Request: GET /api/auth/current-user
2025-11-19 19:06:19,585 - main - INFO - Request: GET /api/personal/cart
2025-11-19 19:06:19,598 - main - INFO - Response: 200 - 0.016s
2025-11-19 19:06:19,600 - main - INFO - Response: 200 - 0.016s
2025-11-19 19:06:19,601 - main - INFO - Response: 200 - 0.016s
2025-11-19 19:06:19,611 - main - INFO - Response: 200 - 0.028s
2025-11-19 19:06:26,423 - main - INFO - Request: GET /api/personal/cart
2025-11-19 19:06:26,435 - main - INFO - Response: 200 - 0.011s
2025-11-19 19:06:28,587 - main - INFO - Request: GET /api/personal/address
2025-11-19 19:06:28,592 - main - INFO - Response: 200 - 0.005s
2025-11-19 19:06:31,755 - main - INFO - Request: GET /api/personal/orders
2025-11-19 19:06:31,767 - main - INFO - Response: 200 - 0.012s
2025-11-19 19:06:32,892 - main - INFO - Request: GET /api/personal/points/transactions
2025-11-19 19:06:32,905 - main - INFO - Response: 200 - 0.012s
2025-11-19 19:06:34,035 - main - INFO - Request: GET /api/personal/orders
2025-11-19 19:06:34,047 - main - INFO - Response: 200 - 0.013s
2025-11-19 19:06:54,529 - main - INFO - Request: GET /api/personal/cart
2025-11-19 19:06:54,530 - main - INFO - Request: GET /static/placeholder.png
2025-11-19 19:06:54,531 - main - INFO - Response: 304 - 0.001s
2025-11-19 19:06:54,536 - main - INFO - Response: 200 - 0.007s
2025-11-19 19:06:56,189 - main - INFO - Request: GET /api/personal/categories
2025-11-19 19:06:56,190 - main - INFO - Request: GET /api/personal/products
2025-11-19 19:06:56,203 - main - INFO - Response: 200 - 0.014s
2025-11-19 19:06:56,220 - main - INFO - Response: 200 - 0.030s
2025-11-19 19:07:15,631 - main - INFO - Request: GET /api/personal/cart
2025-11-19 19:07:15,646 - main - INFO - Response: 200 - 0.015s
2025-11-19 19:07:16,474 - main - INFO - Request: GET /api/personal/orders
2025-11-19 19:07:16,487 - main - INFO - Response: 200 - 0.013s
2025-11-19 19:07:17,121 - main - INFO - Request: GET /api/personal/points/transactions
2025-11-19 19:07:17,135 - main - INFO - Response: 200 - 0.014s
2025-11-19 19:07:18,122 - main - INFO - Request: GET /api/personal/categories
2025-11-19 19:07:18,124 - main - INFO - Request: GET /api/personal/products
2025-11-19 19:07:18,137 - main - INFO - Response: 200 - 0.015s
2025-11-19 19:07:18,151 - main - INFO - Response: 200 - 0.028s
2025-11-19 19:07:19,633 - main - INFO - Request: GET /api/personal/cart
2025-11-19 19:07:19,643 - main - INFO - Response: 200 - 0.011s
2025-11-19 19:07:20,533 - main - INFO - Request: GET /api/personal/orders
2025-11-19 19:07:20,545 - main - INFO - Response: 200 - 0.012s
2025-11-19 19:07:21,388 - main - INFO - Request: GET /api/personal/points/transactions
2025-11-19 19:07:21,399 - main - INFO - Response: 200 - 0.011s
2025-11-19 19:07:50,435 - main - INFO - Request: GET /api/personal/orders
2025-11-19 19:07:50,447 - main - INFO - Response: 200 - 0.012s
2025-11-19 19:07:50,967 - main - INFO - Request: GET /api/personal/cart
2025-11-19 19:07:50,968 - main - INFO - Request: GET /static/placeholder.png
2025-11-19 19:07:50,968 - main - INFO - Response: 304 - 0.001s
2025-11-19 19:07:50,974 - main - INFO - Response: 200 - 0.007s
2025-11-19 19:07:51,443 - main - INFO - Request: GET /api/personal/categories
2025-11-19 19:07:51,444 - main - INFO - Request: GET /api/personal/products
2025-11-19 19:07:51,455 - main - INFO - Response: 200 - 0.012s
2025-11-19 19:07:51,475 - main - INFO - Response: 200 - 0.031s
2025-11-19 19:23:46,150 - main - INFO - Request: GET /api/personal/products
2025-11-19 19:23:46,159 - main - INFO - Request: GET /api/personal/categories
2025-11-19 19:23:46,160 - main - INFO - Request: GET /api/auth/current-user
2025-11-19 19:23:46,160 - main - INFO - Request: GET /api/personal/cart
2025-11-19 19:23:46,181 - main - INFO - Response: 200 - 0.020s
2025-11-19 19:23:46,184 - main - INFO - Response: 200 - 0.025s
2025-11-19 19:23:46,185 - main - INFO - Response: 200 - 0.025s
2025-11-19 19:23:46,196 - main - INFO - Response: 200 - 0.048s
2025-11-19 19:23:46,209 - main - INFO - Request: GET /static/placeholder.png
2025-11-19 19:23:46,212 - main - INFO - Response: 304 - 0.003s
2025-11-19 19:23:51,334 - main - INFO - Request: GET /api/personal/products/101
2025-11-19 19:23:51,346 - main - INFO - Response: 200 - 0.012s
2025-11-19 19:23:52,759 - main - INFO - Request: GET /api/personal/cart
2025-11-19 19:23:52,766 - main - INFO - Response: 200 - 0.007s
2025-11-19 19:23:53,344 - main - INFO - Request: GET /api/personal/orders
2025-11-19 19:23:53,356 - main - INFO - Response: 200 - 0.012s
2025-11-19 19:23:54,414 - main - INFO - Request: GET /api/personal/points/transactions
2025-11-19 19:23:54,425 - main - INFO - Response: 200 - 0.011s
2025-11-19 19:23:56,121 - main - INFO - Request: GET /api/personal/orders
2025-11-19 19:23:56,132 - main - INFO - Response: 200 - 0.011s
2025-11-19 19:23:56,600 - main - INFO - Request: GET /api/personal/cart
2025-11-19 19:23:56,606 - main - INFO - Response: 200 - 0.006s
2025-11-19 19:23:57,079 - main - INFO - Request: GET /api/personal/categories
2025-11-19 19:23:57,080 - main - INFO - Request: GET /api/personal/products
2025-11-19 19:23:57,093 - main - INFO - Response: 200 - 0.015s
2025-11-19 19:23:57,116 - main - INFO - Response: 200 - 0.036s
2025-11-19 19:24:07,189 - main - INFO - Request: GET /api/personal/address
2025-11-19 19:24:07,197 - main - INFO - Response: 200 - 0.008s
2025-11-19 19:24:09,463 - main - INFO - Request: GET /api/personal/orders
2025-11-19 19:24:09,474 - main - INFO - Response: 200 - 0.011s
2025-11-19 19:24:10,162 - main - INFO - Request: GET /api/personal/points/transactions
2025-11-19 19:24:10,172 - main - INFO - Response: 200 - 0.010s
2025-11-19 19:24:11,681 - main - INFO - Request: GET /api/personal/cart
2025-11-19 19:24:11,691 - main - INFO - Response: 200 - 0.010s
2025-11-19 19:24:12,392 - main - INFO - Request: GET /api/personal/categories
2025-11-19 19:24:12,394 - main - INFO - Request: GET /api/personal/products
2025-11-19 19:24:12,407 - main - INFO - Response: 200 - 0.014s
2025-11-19 19:24:12,420 - main - INFO - Response: 200 - 0.026s
2025-11-19 19:24:45,012 - main - INFO - Request: GET /api/manage/categories
2025-11-19 19:24:45,018 - main - INFO - Response: 200 - 0.006s
2025-11-19 19:24:45,751 - main - INFO - Request: GET /api/manage/users
2025-11-19 19:24:45,765 - main - INFO - Response: 200 - 0.014s
2025-11-19 19:24:46,563 - main - INFO - Request: GET /api/manage/logs
2025-11-19 19:24:46,571 - main - INFO - Response: 200 - 0.008s
2025-11-19 19:25:15,030 - main - INFO - Request: GET /api/manage/users
2025-11-19 19:25:15,049 - main - INFO - Response: 200 - 0.019s
2025-11-19 19:25:21,673 - main - INFO - Request: GET /api/personal/orders
2025-11-19 19:25:21,681 - main - INFO - Response: 200 - 0.008s
2025-11-19 19:25:22,188 - main - INFO - Request: GET /api/personal/points/transactions
2025-11-19 19:25:22,203 - main - INFO - Response: 200 - 0.015s
